// Jest Snapshot v1, https://goo.gl/fbAQLP

exports[`RepoFileLink renders 1`] = `
<DocumentFragment>
  <div
    class=""
  >
    <a
      aria-label="Repository example.com/my/repo"
      class="anchorLink"
      href="https://example.com"
    >
      my/repo
    </a>
    <span
      aria-hidden="true"
    >
       â€º
    </span>
     
    <a
      aria-label="File path my/file"
      class="anchorLink"
      href="/file?subtree=true"
    >
      my/
      <strong>
        file
      </strong>
    </a>
  </div>
</DocumentFragment>
`;
