[]result.diffFile{
	{
		oldFile: "client/web/src/enterprise/codeintel/badge/components/IndexerSummary.module.scss",
		newFile: "client/web/src/enterprise/codeintel/badge/components/IndexerSummary.module.scss",
	},
	{
		oldFile: "client/web/src/enterprise/codeintel/badge/components/IndexerSummary.tsx",
		newFile: "client/web/src/enterprise/codeintel/badge/components/IndexerSummary.tsx",
		hunks: []result.diffHunk{
			{
				oldStart: 57,
				newStart: 57,
				oldCount: 3,
				newCount: 3,
				header:   "export const IndexerSummary: React.FunctionComponent<IndexerSummaryProps> = ({",
				lines: []string{
					"+.badge-wrapper {",
					"+    font-size: 0.75rem;",
					"+}",
					"+",
					" .telemetric-redirect {",
					"-    display: inline !important;",
					"+    font-size: 0.75rem;",
					"     return (",
					`-        <div className="px-2 py-1">`,
					"+        <div className={classNames('px-2 py-1', styles.badgeWrapper)}>",
					`             <div className="d-flex align-items-center">`,
				},
			},
			{
				oldStart: 61,
				newStart: 61,
				oldCount: 3,
				newCount: 3,
				header:   "export const IndexerSummary: React.FunctionComponent<IndexerSummaryProps> = ({",
				lines: []string{
					"                     {summary.uploads.length + summary.indexes.length > 0 ? (",
					`-                        <Badge variant="success" className={className}>`,
					`+                        <Badge variant="success" small={true} className={className}>`,
					"                             Enabled",
				},
			},
		},
	},
}
